// Jest Snapshot v1, https://goo.gl/fbAQLP

exports[`SmallMovieCard snapshot SmallMovieCard 1`] = `
<article
  className="small-movie-card catalog__movies-card"
  onMouseOver={[Function]}
>
  <div
    className="small-movie-card__image"
  >
    <img
      alt="Fantastic Beasts"
      height="175"
      src="img/fantastic-beasts-the-crimes-of-grindelwald.jpg"
      width="280"
    />
  </div>
  <h3
    className="small-movie-card__title"
  >
    <a
      className="small-movie-card__link"
      href="movie-page.html"
    >
      Fantastic Beasts
    </a>
  </h3>
</article>
`;
